    1 00:0000 -  -  -  -  #include "ti84pce.inc"
Listing for file "includes/ti84pce.inc"
Listing for file "PixelColors.asm"
    2 00:0000 -  -  -  -  
    3 00:0000 -  -  -  -  .assume ADL=1
    4 00:0000 -  -  -  -  .org userMem-2
    5 D1:A87F EF 7B -  -  .db tExtTok, tAsm84CeCmp
    6 D1:A881 CD 10 08 02     call _ClrScrnFull
    7 D1:A885 CD 28 08 02     call _HomeUp
    8 D1:A889 CD 48 08 02     call _RunIndicOff
    9 D1:A88D -  -  -  -  
   10 D1:A88D -  -  -  -  mainLoop:
   11 D1:A88D CD 8C 0D 02     call _getKey
   12 D1:A891 FE 03 -  -      cp kUp
   13 D1:A893 28 14 -  -      jr Z,colorGreen
   14 D1:A895 FE 02 -  -      cp kLeft
   15 D1:A897 28 0A -  -      jr Z,colorRed
   16 D1:A899 FE 01 -  -      cp kRight
   17 D1:A89B 28 12 -  -      jr Z,colorBlue
   18 D1:A89D FE 04 -  -      cp kDown
   19 D1:A89F 28 14 -  -      jr Z,colorBlack
   20 D1:A8A1 18 2A -  -      jr done
   21 D1:A8A3 -  -  -  -  
   22 D1:A8A3 -  -  -  -  colorRed:
   23 D1:A8A3 11 00 F8 00     ld de,%1111100000000000
   24 D1:A8A7 18 12 -  -      jr fillScreen
   25 D1:A8A9 -  -  -  -  
   26 D1:A8A9 -  -  -  -  colorGreen:
   27 D1:A8A9 11 E0 07 00     ld de,%0000011111100000
   28 D1:A8AD 18 0C -  -      jr fillScreen
   29 D1:A8AF -  -  -  -  
   30 D1:A8AF -  -  -  -  colorBlue:
   31 D1:A8AF 11 1F 00 00     ld de,%0000000000011111
   32 D1:A8B3 18 06 -  -      jr fillScreen
   33 D1:A8B5 -  -  -  -  
   34 D1:A8B5 -  -  -  -  colorBlack:
   35 D1:A8B5 11 00 00 00     ld de,%0000000000000000
   36 D1:A8B9 18 00 -  -      jr fillScreen
   37 D1:A8BB -  -  -  -  
   38 D1:A8BB -  -  -  -  fillScreen:
   39 D1:A8BB 21 00 00 D4     ld hl,vRam
   40 D1:A8BF ED 1F -  -      ld (hl),de
   41 D1:A8C1 11 02 00 D4     ld de,vRam+2
   42 D1:A8C5 01 FE 57 02     ld bc,lcdWidth*lcdHeight*2-2
   43 D1:A8C9 ED B0 -  -      ldir
   44 D1:A8CB 18 C0 -  -      jr mainLoop
   45 D1:A8CD -  -  -  -  
   46 D1:A8CD -  -  -  -  done:
   47 D1:A8CD CD 14 08 02     call _ClrScrn
   48 D1:A8D1 CD 3C 1A 02     call _DrawStatusBar
   49 D1:A8D5 C9 -  -  -      ret
